// Jest Snapshot v1, https://goo.gl/fbAQLP

exports[`Mock render - default - value[0] - Tabs 1`] = `mocked`;

exports[`Mock render - default - value[0] - Tabs 2`] = `Array []`;

exports[`Mock render - properties. tabType: card - line is default - value[0] - Tabs 1`] = `mocked`;

exports[`Mock render - properties. tabType: card - line is default - value[0] - Tabs 2`] = `Array []`;

exports[`Mock render - properties.activeKey: content_two - value[0] - Tabs 1`] = `mocked`;

exports[`Mock render - properties.activeKey: content_two - value[0] - Tabs 2`] = `Array []`;

exports[`Mock render - properties.animated: false - value[0] - Tabs 1`] = `mocked`;

exports[`Mock render - properties.animated: false - value[0] - Tabs 2`] = `Array []`;

exports[`Mock render - properties.defaultActiveKey: content_three - value[0] - Tabs 1`] = `mocked`;

exports[`Mock render - properties.defaultActiveKey: content_three - value[0] - Tabs 2`] = `Array []`;

exports[`Mock render - properties.extraAreaKey - value[0] - Tabs 1`] = `mocked`;

exports[`Mock render - properties.extraAreaKey - value[0] - Tabs 2`] = `Array []`;

exports[`Mock render - properties.size: large - value[0] - Tabs 1`] = `mocked`;

exports[`Mock render - properties.size: large - value[0] - Tabs 2`] = `Array []`;

exports[`Mock render - properties.size: small - value[0] - Tabs 1`] = `mocked`;

exports[`Mock render - properties.size: small - value[0] - Tabs 2`] = `Array []`;

exports[`Mock render - properties.tabPosition: bottom - value[0] - Tabs 1`] = `mocked`;

exports[`Mock render - properties.tabPosition: bottom - value[0] - Tabs 2`] = `Array []`;

exports[`Mock render - properties.tabPosition: left - value[0] - Tabs 1`] = `mocked`;

exports[`Mock render - properties.tabPosition: left - value[0] - Tabs 2`] = `Array []`;

exports[`Mock render - properties.tabPosition: right - top is default - value[0] - Tabs 1`] = `mocked`;

exports[`Mock render - properties.tabPosition: right - top is default - value[0] - Tabs 2`] = `Array []`;

exports[`Mock render - properties.tabs.disabled - value[0] - Tabs 1`] = `mocked`;

exports[`Mock render - properties.tabs.disabled - value[0] - Tabs 2`] = `Array []`;

exports[`Mock render - properties.tabs.icon - value[0] - Tabs 1`] = `mocked`;

exports[`Mock render - properties.tabs.icon - value[0] - Tabs 2`] = `Array []`;

exports[`Mock render - properties.tabs.key - value[0] - Tabs 1`] = `mocked`;

exports[`Mock render - properties.tabs.key - value[0] - Tabs 2`] = `Array []`;

exports[`Mock render - properties.tabs.title - value[0] - Tabs 1`] = `mocked`;

exports[`Mock render - properties.tabs.title - value[0] - Tabs 2`] = `Array []`;
