// Jest Snapshot v1, https://goo.gl/fbAQLP

exports[`default 1`] = `
Object {
  "additionalProperties": false,
  "properties": Object {
    "areas": Object {
      "patternProperties": Object {
        "^.*$": Object {
          "properties": Object {
            "blocks": Object {
              "items": Object {
                "type": "object",
              },
              "type": "array",
            },
          },
          "type": "object",
        },
      },
      "type": "object",
    },
    "blocks": Object {
      "items": Object {
        "type": "object",
      },
      "type": "array",
    },
    "events": Object {
      "type": "object",
    },
    "id": Object {
      "type": "string",
    },
    "layout": Object {
      "type": "object",
    },
    "menus": Object {
      "items": Object {
        "properties": Object {
          "id": Object {
            "description": "Menu id.",
            "type": "string",
          },
          "links": Object {
            "items": Object {
              "properties": Object {
                "id": Object {
                  "description": "Menu item id.",
                  "type": "string",
                },
                "links": Object {
                  "items": Object {
                    "properties": Object {
                      "id": Object {
                        "description": "Menu item id.",
                        "type": "string",
                      },
                      "pageId": Object {
                        "description": "Page to link to.",
                        "type": "string",
                      },
                      "properties": Object {
                        "description": "properties from menu item.",
                        "links": Object {
                          "items": Object {
                            "properties": Object {
                              "id": Object {
                                "description": "Menu item id.",
                                "type": "string",
                              },
                              "pageId": Object {
                                "description": "Page to link to.",
                                "type": "string",
                              },
                              "properties": Object {
                                "description": "properties from menu item.",
                                "properties": Object {
                                  "danger": Object {
                                    "description": "Apply danger style to menu item.",
                                    "type": "boolean",
                                  },
                                  "dashed": Object {
                                    "default": false,
                                    "description": "Whether the divider line is dashed.",
                                    "type": "boolean",
                                  },
                                  "title": Object {
                                    "description": "Menu item title.",
                                    "type": "string",
                                  },
                                },
                                "type": "object",
                              },
                              "style": Object {
                                "description": "Css style to applied to sub-link.",
                                "type": "object",
                              },
                              "type": Object {
                                "description": "Menu item type.",
                                "enum": Array [
                                  "MenuDivider",
                                  "MenuLink",
                                ],
                                "type": "string",
                              },
                            },
                            "required": Array [
                              "id",
                              "type",
                            ],
                            "type": "object",
                          },
                          "type": "array",
                        },
                        "properties": Object {
                          "danger": Object {
                            "description": "Apply danger style to menu item.",
                            "type": "boolean",
                          },
                          "dashed": Object {
                            "default": false,
                            "description": "Whether the divider line is dashed.",
                            "type": "boolean",
                          },
                          "title": Object {
                            "description": "Menu item title.",
                            "type": "string",
                          },
                        },
                        "type": "object",
                      },
                      "style": Object {
                        "description": "Css style to applied to sub-link.",
                        "type": "object",
                      },
                      "type": Object {
                        "description": "Menu item type.",
                        "enum": Array [
                          "MenuDivider",
                          "MenuLink",
                          "MenuGroup",
                        ],
                        "type": "string",
                      },
                    },
                    "required": Array [
                      "id",
                      "type",
                    ],
                    "type": "object",
                  },
                  "type": "array",
                },
                "pageId": Object {
                  "description": "Page to link to.",
                  "type": "string",
                },
                "properties": Object {
                  "description": "properties from menu item.",
                  "properties": Object {
                    "danger": Object {
                      "description": "Apply danger style to menu item.",
                      "type": "boolean",
                    },
                    "dashed": Object {
                      "default": false,
                      "description": "Whether the divider line is dashed.",
                      "type": "boolean",
                    },
                    "icon": Object {
                      "description": "Name of an React-Icon (See <a href=\\"https://react-icons.github.io/react-icons/\\">all icons</a>) or properties of an Icon block to customize icon on menu item.",
                      "type": Array [
                        "string",
                        "object",
                      ],
                    },
                    "title": Object {
                      "description": "Menu item title.",
                      "type": "string",
                    },
                  },
                  "type": "object",
                },
                "style": Object {
                  "description": "Css style to applied to link.",
                  "type": "object",
                },
                "type": Object {
                  "description": "Menu item type.",
                  "enum": Array [
                    "MenuDivider",
                    "MenuLink",
                    "MenuGroup",
                  ],
                  "type": "string",
                },
              },
              "required": Array [
                "id",
                "type",
              ],
              "type": "object",
            },
            "type": "array",
          },
        },
        "required": Array [
          "id",
        ],
        "type": "object",
      },
      "type": "array",
    },
    "properties": Object {
      "type": "object",
    },
    "required": Object {
      "type": Array [
        "boolean",
        "object",
      ],
    },
    "style": Object {
      "type": "object",
    },
    "type": Object {
      "type": "string",
    },
  },
  "required": Array [
    "id",
    "type",
  ],
  "type": "object",
}
`;
